Archive member included because of file (symbol)

c:/winavr-20100110/bin/../lib/gcc/avr/4.3.3/avr5\libgcc.a(_exit.o)
                              c:/winavr-20100110/bin/../lib/gcc/avr/4.3.3/../../../../avr/lib/avr5/crtm32.o (exit)
c:/winavr-20100110/bin/../lib/gcc/avr/4.3.3/avr5\libgcc.a(_copy_data.o)
                              ./main.o (__do_copy_data)
c:/winavr-20100110/bin/../lib/gcc/avr/4.3.3/avr5\libgcc.a(_clear_bss.o)
                              ./MCAL/EXT_INT.o (__do_clear_bss)
c:/winavr-20100110/bin/../lib/gcc/avr/4.3.3/../../../../avr/lib/avr5\libc.a(utoa.o)
                              ./HAL/lcd.o (utoa)
c:/winavr-20100110/bin/../lib/gcc/avr/4.3.3/../../../../avr/lib/avr5\libc.a(strrev.o)
                              c:/winavr-20100110/bin/../lib/gcc/avr/4.3.3/../../../../avr/lib/avr5\libc.a(utoa.o) (strrev)
c:/winavr-20100110/bin/../lib/gcc/avr/4.3.3/avr5\libgcc.a(_udivmodhi4.o)
                              c:/winavr-20100110/bin/../lib/gcc/avr/4.3.3/../../../../avr/lib/avr5\libc.a(utoa.o) (__udivmodhi4)

Allocating common symbols
Common symbol       size              file

timer0_Compare_matching_callback_fun
                    0x2               ./MCAL/timer0.o
timer0_OVF_callback_fun
                    0x2               ./MCAL/timer0.o

Memory Configuration

Name             Origin             Length             Attributes
text             0x00000000         0x00020000         xr
data             0x00800060         0x0000ffa0         rw !x
eeprom           0x00810000         0x00010000         rw !x
fuse             0x00820000         0x00000400         rw !x
lock             0x00830000         0x00000400         rw !x
signature        0x00840000         0x00000400         rw !x
*default*        0x00000000         0xffffffff

Linker script and memory map

LOAD c:/winavr-20100110/bin/../lib/gcc/avr/4.3.3/../../../../avr/lib/avr5/crtm32.o
LOAD ./MCAL/DIO.o
LOAD ./MCAL/EXT_INT.o
LOAD ./MCAL/timer0.o
LOAD ./HAL/Button.o
LOAD ./HAL/lcd.o
LOAD ./HAL/led.o
LOAD ./main.o
LOAD c:/winavr-20100110/bin/../lib/gcc/avr/4.3.3/avr5\libgcc.a
LOAD c:/winavr-20100110/bin/../lib/gcc/avr/4.3.3/../../../../avr/lib/avr5\libc.a
LOAD c:/winavr-20100110/bin/../lib/gcc/avr/4.3.3/avr5\libgcc.a

.hash
 *(.hash)

.dynsym
 *(.dynsym)

.dynstr
 *(.dynstr)

.gnu.version
 *(.gnu.version)

.gnu.version_d
 *(.gnu.version_d)

.gnu.version_r
 *(.gnu.version_r)

.rel.init
 *(.rel.init)

.rela.init
 *(.rela.init)

.rel.text
 *(.rel.text)
 *(.rel.text.*)
 *(.rel.gnu.linkonce.t*)

.rela.text
 *(.rela.text)
 *(.rela.text.*)
 *(.rela.gnu.linkonce.t*)

.rel.fini
 *(.rel.fini)

.rela.fini
 *(.rela.fini)

.rel.rodata
 *(.rel.rodata)
 *(.rel.rodata.*)
 *(.rel.gnu.linkonce.r*)

.rela.rodata
 *(.rela.rodata)
 *(.rela.rodata.*)
 *(.rela.gnu.linkonce.r*)

.rel.data
 *(.rel.data)
 *(.rel.data.*)
 *(.rel.gnu.linkonce.d*)

.rela.data
 *(.rela.data)
 *(.rela.data.*)
 *(.rela.gnu.linkonce.d*)

.rel.ctors
 *(.rel.ctors)

.rela.ctors
 *(.rela.ctors)

.rel.dtors
 *(.rel.dtors)

.rela.dtors
 *(.rela.dtors)

.rel.got
 *(.rel.got)

.rela.got
 *(.rela.got)

.rel.bss
 *(.rel.bss)

.rela.bss
 *(.rela.bss)

.rel.plt
 *(.rel.plt)

.rela.plt
 *(.rela.plt)

.text           0x00000000      0xd6c
 *(.vectors)
 .vectors       0x00000000       0x54 c:/winavr-20100110/bin/../lib/gcc/avr/4.3.3/../../../../avr/lib/avr5/crtm32.o
                0x00000000                __vectors
                0x00000000                __vector_default
 *(.vectors)
 *(.progmem.gcc*)
 *(.progmem*)
                0x00000054                . = ALIGN (0x2)
                0x00000054                __trampolines_start = .
 *(.trampolines)
 .trampolines   0x00000054        0x0 linker stubs
 *(.trampolines*)
                0x00000054                __trampolines_end = .
 *(.jumptables)
 *(.jumptables*)
 *(.lowtext)
 *(.lowtext*)
                0x00000054                __ctors_start = .
 *(.ctors)
                0x00000054                __ctors_end = .
                0x00000054                __dtors_start = .
 *(.dtors)
                0x00000054                __dtors_end = .
 SORT(*)(.ctors)
 SORT(*)(.dtors)
 *(.init0)
 .init0         0x00000054        0x0 c:/winavr-20100110/bin/../lib/gcc/avr/4.3.3/../../../../avr/lib/avr5/crtm32.o
                0x00000054                __init
 *(.init0)
 *(.init1)
 *(.init1)
 *(.init2)
 .init2         0x00000054        0xc c:/winavr-20100110/bin/../lib/gcc/avr/4.3.3/../../../../avr/lib/avr5/crtm32.o
 *(.init2)
 *(.init3)
 *(.init3)
 *(.init4)
 .init4         0x00000060       0x16 c:/winavr-20100110/bin/../lib/gcc/avr/4.3.3/avr5\libgcc.a(_copy_data.o)
                0x00000060                __do_copy_data
 .init4         0x00000076       0x10 c:/winavr-20100110/bin/../lib/gcc/avr/4.3.3/avr5\libgcc.a(_clear_bss.o)
                0x00000076                __do_clear_bss
 *(.init4)
 *(.init5)
 *(.init5)
 *(.init6)
 *(.init6)
 *(.init7)
 *(.init7)
 *(.init8)
 *(.init8)
 *(.init9)
 .init9         0x00000086        0x8 c:/winavr-20100110/bin/../lib/gcc/avr/4.3.3/../../../../avr/lib/avr5/crtm32.o
 *(.init9)
 *(.text)
 .text          0x0000008e        0x4 c:/winavr-20100110/bin/../lib/gcc/avr/4.3.3/../../../../avr/lib/avr5/crtm32.o
                0x0000008e                __vector_12
                0x0000008e                __bad_interrupt
                0x0000008e                __vector_6
                0x0000008e                __vector_13
                0x0000008e                __vector_17
                0x0000008e                __vector_19
                0x0000008e                __vector_7
                0x0000008e                __vector_5
                0x0000008e                __vector_4
                0x0000008e                __vector_9
                0x0000008e                __vector_15
                0x0000008e                __vector_8
                0x0000008e                __vector_14
                0x0000008e                __vector_16
                0x0000008e                __vector_18
                0x0000008e                __vector_20
 .text          0x00000092        0x0 ./MCAL/DIO.o
 .text          0x00000092        0x0 ./MCAL/EXT_INT.o
 .text          0x00000092        0x0 ./MCAL/timer0.o
 .text          0x00000092        0x0 ./HAL/Button.o
 .text          0x00000092        0x0 ./HAL/lcd.o
 .text          0x00000092        0x0 ./HAL/led.o
 .text          0x00000092        0x0 ./main.o
 .text          0x00000092        0x0 c:/winavr-20100110/bin/../lib/gcc/avr/4.3.3/avr5\libgcc.a(_exit.o)
 .text          0x00000092        0x0 c:/winavr-20100110/bin/../lib/gcc/avr/4.3.3/avr5\libgcc.a(_copy_data.o)
 .text          0x00000092        0x0 c:/winavr-20100110/bin/../lib/gcc/avr/4.3.3/avr5\libgcc.a(_clear_bss.o)
 .text          0x00000092        0x0 c:/winavr-20100110/bin/../lib/gcc/avr/4.3.3/../../../../avr/lib/avr5\libc.a(utoa.o)
 .text          0x00000092        0x0 c:/winavr-20100110/bin/../lib/gcc/avr/4.3.3/../../../../avr/lib/avr5\libc.a(strrev.o)
 .text          0x00000092        0x0 c:/winavr-20100110/bin/../lib/gcc/avr/4.3.3/avr5\libgcc.a(_udivmodhi4.o)
                0x00000092                . = ALIGN (0x2)
 *(.text.*)
 .text.DIO_Init_Pin
                0x00000092       0xf2 ./MCAL/DIO.o
                0x00000092                DIO_Init_Pin
 .text.DIO_Set_Pin
                0x00000184       0x6a ./MCAL/DIO.o
                0x00000184                DIO_Set_Pin
 .text.DIO_Toggel_Pin
                0x000001ee       0x6a ./MCAL/DIO.o
                0x000001ee                DIO_Toggel_Pin
 .text.DIO_Clear_Pin
                0x00000258       0x72 ./MCAL/DIO.o
                0x00000258                DIO_Clear_Pin
 .text.DIO_Write_Pin
                0x000002ca       0x14 ./MCAL/DIO.o
                0x000002ca                DIO_Write_Pin
 .text.DIO_Get_Pin
                0x000002de       0x40 ./MCAL/DIO.o
                0x000002de                DIO_Get_Pin
 .text.DIO_Init_PORT
                0x0000031e       0x22 ./MCAL/DIO.o
                0x0000031e                DIO_Init_PORT
 .text.DIO_Write_PORT_Value
                0x00000340       0x22 ./MCAL/DIO.o
                0x00000340                DIO_Write_PORT_Value
 .text.EXT_interrupt_init
                0x00000362       0x68 ./MCAL/EXT_INT.o
                0x00000362                EXT_interrupt_init
 .text.EXT_interrupt_SetTriggerEdge
                0x000003ca       0xa2 ./MCAL/EXT_INT.o
                0x000003ca                EXT_interrupt_SetTriggerEdge
 .text.EXT_interrupt_Enable
                0x0000046c       0x22 ./MCAL/EXT_INT.o
                0x0000046c                EXT_interrupt_Enable
 .text.EXT_interrupt_Disable
                0x0000048e       0x22 ./MCAL/EXT_INT.o
                0x0000048e                EXT_interrupt_Disable
 .text.__vector_1
                0x000004b0       0x4e ./MCAL/EXT_INT.o
                0x000004b0                __vector_1
 .text.__vector_2
                0x000004fe       0x4e ./MCAL/EXT_INT.o
                0x000004fe                __vector_2
 .text.__vector_3
                0x0000054c       0x4e ./MCAL/EXT_INT.o
                0x0000054c                __vector_3
 .text.timer0_init
                0x0000059a      0x106 ./MCAL/timer0.o
                0x0000059a                timer0_init
 .text.TIMER0_overflow_interrupt_enable
                0x000006a0       0x10 ./MCAL/timer0.o
                0x000006a0                TIMER0_overflow_interrupt_enable
 .text.TIMER0_overflow_interrupt_disable
                0x000006b0        0x8 ./MCAL/timer0.o
                0x000006b0                TIMER0_overflow_interrupt_disable
 .text.TIMER0_matching_interrupt_enable
                0x000006b8       0x10 ./MCAL/timer0.o
                0x000006b8                TIMER0_matching_interrupt_enable
 .text.TIMER0_matching_interrupt_disable
                0x000006c8        0x8 ./MCAL/timer0.o
                0x000006c8                TIMER0_matching_interrupt_disable
 .text.TIMER0_count_from
                0x000006d0        0x4 ./MCAL/timer0.o
                0x000006d0                TIMER0_count_from
 .text.TIMER0_compare_value
                0x000006d4        0x4 ./MCAL/timer0.o
                0x000006d4                TIMER0_compare_value
 .text.__vector_11
                0x000006d8       0x4e ./MCAL/timer0.o
                0x000006d8                __vector_11
 .text.__vector_10
                0x00000726       0x4e ./MCAL/timer0.o
                0x00000726                __vector_10
 .text.Button_read_status
                0x00000774       0x48 ./HAL/Button.o
                0x00000774                Button_read_status
 .text.Button_Init
                0x000007bc       0x38 ./HAL/Button.o
                0x000007bc                Button_Init
 .text.LCD_vidsendData
                0x000007f4       0xda ./HAL/lcd.o
                0x000007f4                LCD_vidsendData
 .text.LCD_vidsendword
                0x000008ce       0x1a ./HAL/lcd.o
                0x000008ce                LCD_vidsendword
 .text.LCD_sendNumber
                0x000008e8       0x48 ./HAL/lcd.o
                0x000008e8                LCD_sendNumber
 .text.LCD_vidSendCommand
                0x00000930       0xe2 ./HAL/lcd.o
                0x00000930                LCD_vidSendCommand
 .text.LCD_vidGoTo
                0x00000a12       0x1c ./HAL/lcd.o
                0x00000a12                LCD_vidGoTo
 .text.LCD_vidClear
                0x00000a2e        0x8 ./HAL/lcd.o
                0x00000a2e                LCD_vidClear
 .text.LCD_VidInit
                0x00000a36       0x9a ./HAL/lcd.o
                0x00000a36                LCD_VidInit
 .text.Led_Toggel
                0x00000ad0       0x36 ./HAL/led.o
                0x00000ad0                Led_Toggel
 .text.Led_OFF  0x00000b06       0x36 ./HAL/led.o
                0x00000b06                Led_OFF
 .text.Led_ON   0x00000b3c       0x36 ./HAL/led.o
                0x00000b3c                Led_ON
 .text.Led_Init
                0x00000b72       0x3a ./HAL/led.o
                0x00000b72                Led_Init
 .text.delay_1Second
                0x00000bac       0xf4 ./main.o
                0x00000bac                delay_1Second
 .text.main     0x00000ca0       0x54 ./main.o
                0x00000ca0                main
 .text.libgcc   0x00000cf4        0x0 c:/winavr-20100110/bin/../lib/gcc/avr/4.3.3/avr5\libgcc.a(_exit.o)
 .text.libgcc   0x00000cf4        0x0 c:/winavr-20100110/bin/../lib/gcc/avr/4.3.3/avr5\libgcc.a(_copy_data.o)
 .text.libgcc   0x00000cf4        0x0 c:/winavr-20100110/bin/../lib/gcc/avr/4.3.3/avr5\libgcc.a(_clear_bss.o)
 .text.avr-libc
                0x00000cf4       0x2c c:/winavr-20100110/bin/../lib/gcc/avr/4.3.3/../../../../avr/lib/avr5\libc.a(utoa.o)
                0x00000cf4                utoa
 .text.avr-libc
                0x00000d20       0x20 c:/winavr-20100110/bin/../lib/gcc/avr/4.3.3/../../../../avr/lib/avr5\libc.a(strrev.o)
                0x00000d20                strrev
 .text.libgcc   0x00000d40       0x28 c:/winavr-20100110/bin/../lib/gcc/avr/4.3.3/avr5\libgcc.a(_udivmodhi4.o)
                0x00000d40                __udivmodhi4
                0x00000d68                . = ALIGN (0x2)
 *(.fini9)
 .fini9         0x00000d68        0x0 c:/winavr-20100110/bin/../lib/gcc/avr/4.3.3/avr5\libgcc.a(_exit.o)
                0x00000d68                exit
                0x00000d68                _exit
 *(.fini9)
 *(.fini8)
 *(.fini8)
 *(.fini7)
 *(.fini7)
 *(.fini6)
 *(.fini6)
 *(.fini5)
 *(.fini5)
 *(.fini4)
 *(.fini4)
 *(.fini3)
 *(.fini3)
 *(.fini2)
 *(.fini2)
 *(.fini1)
 *(.fini1)
 *(.fini0)
 .fini0         0x00000d68        0x4 c:/winavr-20100110/bin/../lib/gcc/avr/4.3.3/avr5\libgcc.a(_exit.o)
 *(.fini0)
                0x00000d6c                _etext = .

.data           0x00800060        0x4 load address 0x00000d6c
                0x00800060                PROVIDE (__data_start, .)
 *(.data)
 .data          0x00800060        0x0 c:/winavr-20100110/bin/../lib/gcc/avr/4.3.3/../../../../avr/lib/avr5/crtm32.o
 .data          0x00800060        0x0 ./MCAL/DIO.o
 .data          0x00800060        0x0 ./MCAL/EXT_INT.o
 .data          0x00800060        0x0 ./MCAL/timer0.o
 .data          0x00800060        0x0 ./HAL/Button.o
 .data          0x00800060        0x0 ./HAL/lcd.o
 .data          0x00800060        0x0 ./HAL/led.o
 .data          0x00800060        0x0 ./main.o
 .data          0x00800060        0x0 c:/winavr-20100110/bin/../lib/gcc/avr/4.3.3/avr5\libgcc.a(_exit.o)
 .data          0x00800060        0x0 c:/winavr-20100110/bin/../lib/gcc/avr/4.3.3/avr5\libgcc.a(_copy_data.o)
 .data          0x00800060        0x0 c:/winavr-20100110/bin/../lib/gcc/avr/4.3.3/avr5\libgcc.a(_clear_bss.o)
 .data          0x00800060        0x0 c:/winavr-20100110/bin/../lib/gcc/avr/4.3.3/../../../../avr/lib/avr5\libc.a(utoa.o)
 .data          0x00800060        0x0 c:/winavr-20100110/bin/../lib/gcc/avr/4.3.3/../../../../avr/lib/avr5\libc.a(strrev.o)
 .data          0x00800060        0x0 c:/winavr-20100110/bin/../lib/gcc/avr/4.3.3/avr5\libgcc.a(_udivmodhi4.o)
 *(.data*)
 .data.timer0_struct
                0x00800060        0x3 ./main.o
                0x00800060                timer0_struct
 *(.rodata)
 *(.rodata*)
 *(.gnu.linkonce.d*)
                0x00800064                . = ALIGN (0x2)
 *fill*         0x00800063        0x1 00
                0x00800064                _edata = .
                0x00800064                PROVIDE (__data_end, .)

.bss            0x00800064       0x16
                0x00800064                PROVIDE (__bss_start, .)
 *(.bss)
 .bss           0x00800064        0x0 c:/winavr-20100110/bin/../lib/gcc/avr/4.3.3/../../../../avr/lib/avr5/crtm32.o
 .bss           0x00800064        0x0 ./MCAL/DIO.o
 .bss           0x00800064        0x0 ./MCAL/EXT_INT.o
 .bss           0x00800064        0x0 ./MCAL/timer0.o
 .bss           0x00800064        0x0 ./HAL/Button.o
 .bss           0x00800064        0x0 ./HAL/lcd.o
 .bss           0x00800064        0x0 ./HAL/led.o
 .bss           0x00800064        0x0 ./main.o
 .bss           0x00800064        0x0 c:/winavr-20100110/bin/../lib/gcc/avr/4.3.3/avr5\libgcc.a(_exit.o)
 .bss           0x00800064        0x0 c:/winavr-20100110/bin/../lib/gcc/avr/4.3.3/avr5\libgcc.a(_copy_data.o)
 .bss           0x00800064        0x0 c:/winavr-20100110/bin/../lib/gcc/avr/4.3.3/avr5\libgcc.a(_clear_bss.o)
 .bss           0x00800064        0x0 c:/winavr-20100110/bin/../lib/gcc/avr/4.3.3/../../../../avr/lib/avr5\libc.a(utoa.o)
 .bss           0x00800064        0x0 c:/winavr-20100110/bin/../lib/gcc/avr/4.3.3/../../../../avr/lib/avr5\libc.a(strrev.o)
 .bss           0x00800064        0x0 c:/winavr-20100110/bin/../lib/gcc/avr/4.3.3/avr5\libgcc.a(_udivmodhi4.o)
 *(.bss*)
 .bss.PTR_Fun_INT0_PD2
                0x00800064        0x2 ./MCAL/EXT_INT.o
 .bss.PTR_Fun_INT1_PD3
                0x00800066        0x2 ./MCAL/EXT_INT.o
 .bss.PTR_Fun_INT2_PB2
                0x00800068        0x2 ./MCAL/EXT_INT.o
 .bss.counts_to_get_1Second
                0x0080006a        0x4 ./main.o
                0x0080006a                counts_to_get_1Second
 .bss.Number_of_seconds
                0x0080006e        0x8 ./main.o
                0x0080006e                Number_of_seconds
 *(COMMON)
 COMMON         0x00800076        0x4 ./MCAL/timer0.o
                0x00800076                timer0_Compare_matching_callback_fun
                0x00800078                timer0_OVF_callback_fun
                0x0080007a                PROVIDE (__bss_end, .)
                0x00000d6c                __data_load_start = LOADADDR (.data)
                0x00000d70                __data_load_end = (__data_load_start + SIZEOF (.data))

.noinit         0x0080007a        0x0
                0x0080007a                PROVIDE (__noinit_start, .)
 *(.noinit*)
                0x0080007a                PROVIDE (__noinit_end, .)
                0x0080007a                _end = .
                0x0080007a                PROVIDE (__heap_start, .)

.eeprom         0x00810000        0x0
 *(.eeprom*)
                0x00810000                __eeprom_end = .

.fuse
 *(.fuse)
 *(.lfuse)
 *(.hfuse)
 *(.efuse)

.lock
 *(.lock*)

.signature
 *(.signature*)

.stab
 *(.stab)

.stabstr
 *(.stabstr)

.stab.excl
 *(.stab.excl)

.stab.exclstr
 *(.stab.exclstr)

.stab.index
 *(.stab.index)

.stab.indexstr
 *(.stab.indexstr)

.comment
 *(.comment)

.debug
 *(.debug)

.line
 *(.line)

.debug_srcinfo
 *(.debug_srcinfo)

.debug_sfnames
 *(.debug_sfnames)

.debug_aranges
 *(.debug_aranges)

.debug_pubnames
 *(.debug_pubnames)

.debug_info
 *(.debug_info)
 *(.gnu.linkonce.wi.*)

.debug_abbrev
 *(.debug_abbrev)

.debug_line
 *(.debug_line)

.debug_frame
 *(.debug_frame)

.debug_str
 *(.debug_str)

.debug_loc
 *(.debug_loc)

.debug_macinfo
 *(.debug_macinfo)
OUTPUT(my_drivers_atmega32.elf elf32-avr)
LOAD linker stubs
